// Jest Snapshot v1, https://goo.gl/fbAQLP

exports[`renders login form page correctly 1`] = `
<div
  className="flex w-1/2 justify-center items-center bg-white"
>
  <form
    className="bg-white"
    onSubmit={[Function]}
  >
    <h1
      className="text-gray-800 font-bold text-2xl mb-1"
    >
      Hello Again!
    </h1>
    <p
      className="text-sm font-normal text-gray-600 mb-7"
    >
      Welcome Back
    </p>
    <div
      className="flex items-center border-2 py-2 px-3 rounded-2xl mb-4"
    >
      <svg
        className="h-5 w-5 text-gray-400"
        fill="none"
        stroke="currentColor"
        viewBox="0 0 24 24"
        xmlns="http://www.w3.org/2000/svg"
      >
        <path
          d="M16 12a4 4 0 10-8 0 4 4 0 008 0zm0 0v1.5a2.5 2.5 0 005 0V12a9 9 0 10-9 9m4.5-1.206a8.959 8.959 0 01-4.5 1.207"
          strokeLinecap="round"
          strokeLinejoin="round"
          strokeWidth="2"
        />
      </svg>
      <input
        className="pl-2 outline-none border-none"
        id="email"
        maxLength="70"
        name="email"
        onChange={[Function]}
        placeholder="Email Address"
        required={true}
        type="email"
        value=""
      />
    </div>
    <div
      className="flex items-center border-2 py-2 px-3 rounded-2xl"
    >
      <svg
        className="h-5 w-5 text-gray-400"
        fill="currentColor"
        viewBox="0 0 20 20"
        xmlns="http://www.w3.org/2000/svg"
      >
        <path
          clipRule="evenodd"
          d="M5 9V7a5 5 0 0110 0v2a2 2 0 012 2v5a2 2 0 01-2 2H5a2 2 0 01-2-2v-5a2 2 0 012-2zm8-2v2H7V7a3 3 0 016 0z"
          fillRule="evenodd"
        />
      </svg>
      <input
        className="pl-2 outline-none border-none"
        id="password"
        maxLength="70"
        name="Password"
        onChange={[Function]}
        placeholder="Password"
        required={true}
        type="password"
        value=""
      />
    </div>
    <button
      className="block w-full bg-main-color mt-4 py-2 rounded-2xl text-white font-semibold mb-2"
      type="submit"
    >
      Login
    </button>
  </form>
</div>
`;
