// Jest Snapshot v1, https://goo.gl/fbAQLP

exports[`renders sidebar correctly 1`] = `
<div
  className="flex flex-col items-center justify-center"
>
  <button
    className="hover:ring-2 hover:ring-[#555555]-600 outline-0 fixed left-10 top-6  z-30 border-solid border-2 border-[#555555]-600 flex items-center text-[#555555] text-2xl rounded-md p-2 cursor-pointer"
    onClick={[Function]}
    type="button"
  >
    <svg
      fill="currentColor"
      height="1em"
      stroke="currentColor"
      strokeWidth="0"
      style={
        Object {
          "color": undefined,
        }
      }
      viewBox="0 0 1024 1024"
      width="1em"
      xmlns="http://www.w3.org/2000/svg"
    >
      <path
        d="M904 160H120c-4.4 0-8 3.6-8 8v64c0 4.4 3.6 8 8 8h784c4.4 0 8-3.6 8-8v-64c0-4.4-3.6-8-8-8zm0 624H120c-4.4 0-8 3.6-8 8v64c0 4.4 3.6 8 8 8h784c4.4 0 8-3.6 8-8v-64c0-4.4-3.6-8-8-8zm0-312H120c-4.4 0-8 3.6-8 8v64c0 4.4 3.6 8 8 8h784c4.4 0 8-3.6 8-8v-64c0-4.4-3.6-8-8-8z"
      />
    </svg>
  </button>
  <div
    className="h-screen top-0 left-0 w-80 bg-[#fdfcf7] p-10 pl-10 px-5 fixed transition-ease-in-out ease-in-out duration-300 z-30 -translate-x-full"
  >
    <nav>
      <div
        className="container flex flex-wrap justify-between items-center mx-auto"
      >
        <div
          className="px-6 pt-8 pb-4"
        >
          <a
            href="/"
            onClick={[Function]}
          >
            <button
              className="uppercase"
              onClick={[Function]}
              type="button"
            >
              <img
                alt="logo"
                className="w-60 h-15 rounded-full"
                src="logo.jpeg"
              />
            </button>
          </a>
        </div>
        <div>
          <ul>
            <li>
              <a
                className="block py-2 px-6 text-md text-[#555555]-700 hover:bg-[#96bf01] hover:text-[#fdfcf7] hover:rounded-md uppercase border-b-4"
                href="/"
                onClick={[Function]}
              >
                <button
                  className="uppercase"
                  onClick={[Function]}
                  type="button"
                >
                  Apartments
                </button>
              </a>
            </li>
            <li>
              <a
                className="block py-2 px-6 text-md text-[#555555]-700 hover:bg-[#96bf01] hover:text-[#fdfcf7] hover:rounded-md uppercase border-b-4"
                href="/reservations"
                onClick={[Function]}
              >
                <button
                  className="uppercase"
                  onClick={[Function]}
                  type="button"
                >
                  My Reservations
                </button>
              </a>
            </li>
            <li>
              <a
                className="block py-2 px-6 text-md text-[#555555]-700 hover:bg-[#96bf01] hover:text-[#fdfcf7] hover:rounded-md uppercase border-b-4"
                href="/addApartment"
                onClick={[Function]}
              >
                <button
                  className="uppercase"
                  onClick={[Function]}
                  type="button"
                >
                  Add Apartment
                </button>
              </a>
            </li>
            <li>
              <a
                className="block py-2 px-6 text-md text-[#555555]-700 hover:bg-[#96bf01] hover:text-[#fdfcf7] hover:rounded-md uppercase border-b-4"
                href="/deleteApartment"
                onClick={[Function]}
              >
                <button
                  className="uppercase"
                  onClick={[Function]}
                  type="button"
                >
                  Delete Apartment
                </button>
              </a>
            </li>
            <li>
              <a
                className="block py-2 px-6 text-md text-[#555555]-700 hover:bg-[#96bf01] hover:text-[#fdfcf7] hover:rounded-md uppercase border-b-4"
                href="/rentals"
                onClick={[Function]}
              >
                <button
                  className="uppercase"
                  onClick={[Function]}
                  type="button"
                >
                  For Rent
                </button>
              </a>
            </li>
            <li>
              <a
                className="block py-2 px-6 text-md text-[#555555]-700 hover:bg-[#96bf01] hover:text-[#fdfcf7] hover:rounded-md uppercase border-b-4"
                href="/markets"
                onClick={[Function]}
              >
                <button
                  className="uppercase"
                  onClick={[Function]}
                  type="button"
                >
                  For sale
                </button>
              </a>
            </li>
            <li>
              <a
                className="block py-2 px-6 text-md text-[#555555]-700 hover:bg-[#96bf01] hover:text-[#fdfcf7] hover:rounded-md uppercase border-b-4"
                href="/"
                onClick={[Function]}
              >
                <button
                  className="uppercase"
                  onClick={[Function]}
                  type="button"
                >
                  Log out
                </button>
              </a>
            </li>
          </ul>
        </div>
      </div>
    </nav>
    <div
      className="footer fixed inset-x-0 bottom-0 p-4"
    >
      <div
        className="py-8 px-6 md:flex md:items-center md:justify-between "
      >
        <span
          className="text-sm text-[#555555] sm:text-center"
        >
          © 2022
          <a
            href="https://www.microverse.org"
          >
             Microverse™
          </a>
          . All Rights Reserved.
        </span>
      </div>
    </div>
  </div>
</div>
`;
